// Vitest Snapshot v1, https://vitest.dev/guide/snapshot.html

exports[`normalizeRows over the fixture > matches the full expected output 1`] = `
{
  "quizzes": [
    {
      "category": "Allmenn",
      "categoryNorm": [
        "allmenn",
      ],
      "id": "fredrikstad-gulating-gamlebyen-tirsdag-19-00",
      "lastSeen": "2026-07-28",
      "recurrence": {
        "kind": "weekly",
        "raw": "Tirsdag",
        "rrule": "FREQ=WEEKLY;BYDAY=TU",
      },
      "time": "19:00",
      "venueId": "fredrikstad-gulating-gamlebyen",
      "weekday": "tirsdag",
    },
    {
      "category": "Allmenn",
      "categoryNorm": [
        "allmenn",
      ],
      "id": "fredrikstad-heim-fredrikstad-mandag-19-30",
      "lastSeen": "2026-07-28",
      "recurrence": {
        "kind": "weekly",
        "raw": "Mandag",
        "rrule": "FREQ=WEEKLY;BYDAY=MO",
      },
      "time": "19:30",
      "venueId": "fredrikstad-heim-fredrikstad",
      "weekday": "mandag",
    },
    {
      "category": "Allmenn",
      "categoryNorm": [
        "allmenn",
      ],
      "id": "greaaker-olavs-pub-fredag-20-00",
      "lastSeen": "2026-07-28",
      "recurrence": {
        "kind": "last-of-month",
        "raw": "Fredag (siste i mnd)",
        "rrule": "FREQ=MONTHLY;BYDAY=FR;BYSETPOS=-1",
      },
      "time": "20:00",
      "venueId": "greaaker-olavs-pub",
      "weekday": "fredag",
    },
    {
      "category": "Sport",
      "categoryNorm": [
        "sport",
      ],
      "id": "halden-samfundet-tirsdag-21-00",
      "lastSeen": "2026-07-28",
      "recurrence": {
        "kind": "biweekly",
        "raw": "Tirsdag (annenhver – oddetallsuker)",
        "rrule": "FREQ=WEEKLY;BYDAY=TU;INTERVAL=2",
        "weekParity": "odd",
      },
      "time": "21:00",
      "venueId": "halden-samfundet",
      "weekday": "tirsdag",
    },
    {
      "category": "Allmenn",
      "categoryNorm": [
        "allmenn",
      ],
      "id": "kolbotn-boelgen-kro-mandag-19-00",
      "lastSeen": "2026-07-28",
      "recurrence": {
        "kind": "irregular",
        "raw": "Mandag (én gang per måned)",
      },
      "time": "19:00",
      "venueId": "kolbotn-boelgen-kro",
      "weekday": "mandag",
    },
    {
      "category": "Videospill",
      "categoryNorm": [
        "annet",
      ],
      "id": "lillestroem-dampen-fredag-20-00",
      "lastSeen": "2026-07-28",
      "recurrence": {
        "kind": "monthly-nth",
        "raw": "Fredag (1. og 3. i mnd)",
        "rrule": "FREQ=MONTHLY;BYDAY=FR;BYSETPOS=1,3",
      },
      "time": "20:00",
      "venueId": "lillestroem-dampen",
      "weekday": "fredag",
    },
    {
      "category": "Allmenn (seriespill)",
      "categoryNorm": [
        "allmenn",
      ],
      "id": "oslo-cafe-marienlyst-onsdag-19-00",
      "lastSeen": "2026-07-28",
      "recurrence": {
        "kind": "monthly-nth",
        "raw": "Første onsdag i måneden",
        "rrule": "FREQ=MONTHLY;BYDAY=WE;BYSETPOS=1",
      },
      "time": "19:00",
      "venueId": "oslo-cafe-marienlyst",
      "weekday": "onsdag",
    },
    {
      "category": "Allmenn",
      "categoryNorm": [
        "allmenn",
      ],
      "id": "oslo-hells-kitchen-onsdag-19-00",
      "lastSeen": "2026-07-28",
      "recurrence": {
        "kind": "biweekly",
        "raw": "Onsdag (oddetallsuker)",
        "rrule": "FREQ=WEEKLY;BYDAY=WE;INTERVAL=2",
        "weekParity": "odd",
      },
      "time": "19:00",
      "venueId": "oslo-hells-kitchen",
      "weekday": "onsdag",
    },
    {
      "category": "Musikk",
      "categoryNorm": [
        "musikk",
      ],
      "id": "oslo-kjoekkenet-rockefeller-onsdag-natid",
      "lastSeen": "2026-07-28",
      "recurrence": {
        "kind": "monthly-nth",
        "raw": "Onsdag (1. onsdag i måneden)",
        "rrule": "FREQ=MONTHLY;BYDAY=WE;BYSETPOS=1",
      },
      "time": null,
      "venueId": "oslo-kjoekkenet-rockefeller",
      "weekday": "onsdag",
    },
    {
      "category": "IconaPopQuiz",
      "categoryNorm": [
        "annet",
      ],
      "id": "oslo-kulturhuset-torsdag-19-00",
      "lastSeen": "2026-07-28",
      "recurrence": {
        "kind": "irregular",
        "raw": "En torsdag i måneden (varierer)",
      },
      "time": "19:00",
      "venueId": "oslo-kulturhuset",
      "weekday": "torsdag",
    },
    {
      "category": "Allmenn/film/musikk",
      "categoryNorm": [
        "allmenn",
        "musikk",
        "film",
      ],
      "id": "oslo-nydalen-bryggeri-og-spiseri-onsdag-19-00",
      "lastSeen": "2026-07-28",
      "recurrence": {
        "kind": "biweekly",
        "raw": "Onsdager (annenhver – høstsesong 2024 fra 28/8 til 4/12)",
        "rrule": "FREQ=WEEKLY;BYDAY=WE;INTERVAL=2",
      },
      "time": "19:00",
      "venueId": "oslo-nydalen-bryggeri-og-spiseri",
      "weekday": "onsdag",
    },
    {
      "category": "Allmenn",
      "categoryNorm": [
        "allmenn",
      ],
      "id": "oslo-skatten-torsdag-18-00",
      "lastSeen": "2026-07-28",
      "recurrence": {
        "kind": "weekly",
        "raw": "Torsdag",
        "rrule": "FREQ=WEEKLY;BYDAY=TH",
      },
      "time": "18:00",
      "venueId": "oslo-skatten",
      "weekday": "torsdag",
    },
    {
      "category": "Musikk",
      "categoryNorm": [
        "musikk",
      ],
      "id": "oslo-skatten-torsdag-20-30",
      "lastSeen": "2026-07-28",
      "recurrence": {
        "kind": "weekly",
        "raw": "Torsdag",
        "rrule": "FREQ=WEEKLY;BYDAY=TH",
      },
      "time": "20:30",
      "venueId": "oslo-skatten",
      "weekday": "torsdag",
    },
    {
      "category": "«Fakta om makta» – Samfunn og politikk",
      "categoryNorm": [
        "annet",
      ],
      "id": "oslo-wembley-pub-ukjent-natid",
      "lastSeen": "2026-07-28",
      "recurrence": {
        "kind": "irregular",
        "raw": "Torsdag (eller fredag)",
      },
      "time": null,
      "venueId": "oslo-wembley-pub",
      "weekday": null,
    },
    {
      "category": "Film",
      "categoryNorm": [
        "film",
      ],
      "id": "sandvika-hundremeterskogen-sondag-18-00",
      "lastSeen": "2026-07-28",
      "recurrence": {
        "kind": "irregular",
        "raw": "Hver fjerde søndag",
      },
      "time": "18:00",
      "venueId": "sandvika-hundremeterskogen",
      "weekday": "sondag",
    },
    {
      "category": "Musikk",
      "categoryNorm": [
        "musikk",
      ],
      "id": "tromsoe-blaa-rock-cafe-tirsdag-20-00",
      "lastSeen": "2026-07-28",
      "recurrence": {
        "kind": "biweekly",
        "raw": "Annenhver tirsdag",
        "rrule": "FREQ=WEEKLY;BYDAY=TU;INTERVAL=2",
      },
      "time": "20:00",
      "venueId": "tromsoe-blaa-rock-cafe",
      "weekday": "tirsdag",
    },
    {
      "category": "Allmenn",
      "categoryNorm": [
        "allmenn",
      ],
      "id": "tromsoe-ikke-fast-sted-ukjent-natid",
      "lastSeen": "2026-07-28",
      "recurrence": {
        "kind": "irregular",
        "raw": "Omtrent én gang per måned (sjekk facebookgruppa «Spillquiz i Tromsø»)",
      },
      "time": null,
      "venueId": "tromsoe-ikke-fast-sted",
      "weekday": null,
    },
  ],
  "sourceUpdatedAt": "2026-07-27",
  "venues": [
    {
      "fylke": "Østfold",
      "id": "fredrikstad-gulating-gamlebyen",
      "kommune": "Fredrikstad",
      "name": "Gulating Gamlebyen",
      "rawName": "Gulating Gamlebyen",
      "url": "https://www.facebook.com/GulatingPubGamlebyen/",
    },
    {
      "fylke": "Østfold",
      "id": "fredrikstad-heim-fredrikstad",
      "kommune": "Fredrikstad",
      "name": "Heim Fredrikstad",
      "rawName": "Heim Fredrikstad",
      "url": "https://www.heim.no/events/heim-quiz#fredrikstad",
    },
    {
      "fylke": "Østfold",
      "id": "greaaker-olavs-pub",
      "kommune": "Greåker",
      "name": "Olavs pub",
      "rawName": "Olavs pub",
    },
    {
      "fylke": "Østfold",
      "id": "halden-samfundet",
      "kommune": "Halden",
      "name": "Samfundet",
      "rawName": "Samfundet",
      "url": "http://ukaihalden.no/hss/",
      "urlBroken": true,
    },
    {
      "addressHint": "Mikrobølgen 29, Munkelia",
      "fylke": "Akershus",
      "id": "kolbotn-boelgen-kro",
      "kommune": "Kolbotn",
      "name": "Bølgen Kro",
      "rawName": "Bølgen Kro (Mikrobølgen 29, Munkelia)",
    },
    {
      "fylke": "Akershus",
      "id": "lillestroem-dampen",
      "kommune": "Lillestrøm",
      "name": "Dampen",
      "rawName": "Dampen",
    },
    {
      "addressHint": "Kirkeveien 104",
      "fylke": "Oslo",
      "id": "oslo-cafe-marienlyst",
      "kommune": "Oslo",
      "name": "Café Marienlyst",
      "rawName": "Café Marienlyst
(«Hullet i veggen»), Kirkeveien 104)",
    },
    {
      "fylke": "Oslo",
      "id": "oslo-hells-kitchen",
      "kommune": "Oslo",
      "name": "Hells Kitchen",
      "rawName": "Hells Kitchen",
      "url": "https://www.hellskitchenoslo.no/",
    },
    {
      "fylke": "Oslo",
      "id": "oslo-kjoekkenet-rockefeller",
      "kommune": "Oslo",
      "name": "Kjøkkenet (Rockefeller)",
      "rawName": "Kjøkkenet (Rockefeller)",
      "url": "http://www.rockefeller.no/",
    },
    {
      "fylke": "Oslo",
      "id": "oslo-kulturhuset",
      "kommune": "Oslo",
      "name": "Kulturhuset",
      "rawName": "Kulturhuset",
      "url": "https://www.kulturhusetioslo.no/event-kalender",
    },
    {
      "fylke": "Oslo",
      "id": "oslo-nydalen-bryggeri-og-spiseri",
      "kommune": "Oslo",
      "name": "Nydalen Bryggeri og Spiseri",
      "rawName": "Nydalen Bryggeri og Spiseri",
      "url": "https://www.nydalenbryggeri.no/hva-skjer",
      "urlBroken": true,
    },
    {
      "fylke": "Oslo",
      "id": "oslo-skatten",
      "kommune": "Oslo",
      "name": "Skatten",
      "rawName": "Skatten",
      "url": "https://www.skattenoslo.no/",
      "urlBroken": true,
    },
    {
      "addressHint": "Schouterrassen 25",
      "fylke": "Oslo",
      "id": "oslo-wembley-pub",
      "kommune": "Oslo",
      "name": "Wembley Pub",
      "rawName": "Wembley Pub (Schouterrassen 25)",
    },
    {
      "fylke": "Akershus",
      "id": "sandvika-hundremeterskogen",
      "kommune": "Sandvika",
      "name": "Hundremeterskogen",
      "rawName": "Hundremeterskogen",
      "url": "https://example.no/hundremeterskogen",
    },
    {
      "fylke": "Troms",
      "id": "tromsoe-blaa-rock-cafe",
      "kommune": "Tromsø",
      "name": "Blå Rock Café",
      "rawName": "Blå Rock Café",
      "url": "https://example.no/bl-bar",
    },
    {
      "fylke": "Troms",
      "id": "tromsoe-ikke-fast-sted",
      "kommune": "Tromsø",
      "name": "Ikke fast sted",
      "rawName": "Ikke fast sted",
    },
  ],
}
`;
